
==========================================================
The output of the size tool: (e.g. arm-none-ambi-size.exe)
==========================================================

zwave_soc_power_strip.out  :
section                            size         addr
.text                           0x36af8    0x8006000
_cc_handlers_v3                   0x2ac    0x803caf8
_zw_protocol_cmd_handlers          0x70    0x803cda4
_zw_protocol_cmd_handlers_lr       0x30    0x803ce14
.ARM.exidx                          0x8    0x803ce44
.copy.table                         0xc    0x803ce4c
.zero.table                         0x0    0x803ce58
.stack                           0x1000   0x20000000
.data                             0x6d8   0x20001000
.bss                             0xaf14   0x200016d8
.heap                            0x3a10   0x2000c5f0
.internal_storage               0x2c000    0x803ce58
.zwave_nvm                       0x6000    0x8068e58
.nvm                             0x8000    0x806ee58
.ARM.attributes                    0x36          0x0
.comment                           0x49          0x0
.debug_frame                     0xa8f4          0x0
.debug_info                    0xb543cc          0x0
.debug_abbrev                   0x17a32          0x0
.debug_loc                      0x48085          0x0
.debug_aranges                   0x3ae0          0x0
.debug_ranges                    0x7418          0x0
.debug_line                     0x45a93          0x0
.debug_str                      0x7b247          0x0
Total                          0xd0b21c

The calculated FLASH and SRAM usage summary:
============================================
FLASH used as program memory:  (Including only the sections: .text, .ARM.exidx, .data, _cc_handlers_v3)
   226608
FLASH used for storage: (Including only the sections: .zwavenvm, .simee, .nvm, .zwave_nvm)
   57344
SRAM usage:             (Including only the sections: .data, .bss, .heap (limited to 2048 per sl_memory_config.h), .stack_dummy, .reset_info)
   52716

