
==========================================================
The output of the size tool: (e.g. arm-none-ambi-size.exe)
==========================================================

zwave_ncp_serial_api_end_device.out  :
section                            size         addr
.text                           0x2b6bc          0x0
_cmd_handlers                     0x1b8      0x2b6bc
_zw_protocol_cmd_handlers          0x70      0x2b874
_zw_protocol_cmd_handlers_lr       0x30      0x2b8e4
.ARM.exidx                          0x8      0x2b914
.copy.table                         0xc      0x2b91c
.zero.table                         0x0      0x2b928
.stack                           0x1000   0x20000000
.data                             0x370   0x20001000
.bss                             0xa778   0x20001370
.heap                            0x4518   0x2000bae8
.zwave_nvm                       0x3000      0x2b928
.nvm                             0x9000      0x2e928
.ARM.attributes                    0x2e          0x0
.comment                           0x49          0x0
.debug_frame                     0x60c0          0x0
.debug_info                     0xadc12          0x0
.debug_abbrev                    0xbe56          0x0
.debug_loc                      0x20ead          0x0
.debug_aranges                   0x21f8          0x0
.debug_ranges                    0x4098          0x0
.debug_line                     0x227bd          0x0
.debug_str                      0x6a071          0x0
Total                          0x1bae32

The calculated FLASH and SRAM usage summary:
============================================
FLASH used as program memory:  (Including only the sections: .text, .ARM.exidx, .data, _cc_handlers_v3)
   179352
FLASH used for storage: (Including only the sections: .zwavenvm, .simee, .nvm, .zwave_nvm)
   49152
SRAM usage:             (Including only the sections: .data, .bss, .heap (limited to 2048 per sl_memory_config.h), .stack_dummy, .reset_info)
   49896

