
==========================================================
The output of the size tool: (e.g. arm-none-ambi-size.exe)
==========================================================

zwave_soc_door_lock_keypad.out  :
section                            size         addr
.text                           0x35720    0x8006000
_cc_handlers_v3                   0x240    0x803b720
_zw_protocol_cmd_handlers          0x70    0x803b960
_zw_protocol_cmd_handlers_lr       0x30    0x803b9d0
.ARM.exidx                          0x8    0x803ba00
.copy.table                         0xc    0x803ba08
.zero.table                         0x0    0x803ba14
.stack                           0x1000   0x20000000
.data                             0x554   0x20001000
.bss                             0xade8   0x20001554
.heap                            0x3cc0   0x2000c340
.internal_storage               0x2c000    0x803ba14
.zwave_nvm                       0x6000    0x8067a14
.nvm                             0x8000    0x806da14
.ARM.attributes                    0x36          0x0
.comment                           0x49          0x0
.debug_frame                     0xa468          0x0
.debug_info                    0xa82675          0x0
.debug_abbrev                   0x16625          0x0
.debug_loc                      0x45e8c          0x0
.debug_aranges                   0x38e8          0x0
.debug_ranges                    0x7008          0x0
.debug_line                     0x43369          0x0
.debug_str                      0x7a9cd          0x0
Total                          0xc31043

The calculated FLASH and SRAM usage summary:
============================================
FLASH used as program memory:  (Including only the sections: .text, .ARM.exidx, .data, _cc_handlers_v3)
   221032
FLASH used for storage: (Including only the sections: .zwavenvm, .simee, .nvm, .zwave_nvm)
   57344
SRAM usage:             (Including only the sections: .data, .bss, .heap (limited to 2048 per sl_memory_config.h), .stack_dummy, .reset_info)
   52028

