
==========================================================
The output of the size tool: (e.g. arm-none-ambi-size.exe)
==========================================================

zwave_soc_power_strip.out  :
section                            size         addr
.text                           0x36520    0x8006000
_cc_handlers_v3                   0x2ac    0x803c520
_zw_protocol_cmd_handlers          0x70    0x803c7cc
_zw_protocol_cmd_handlers_lr       0x30    0x803c83c
.ARM.exidx                          0x8    0x803c86c
.copy.table                         0xc    0x803c874
.zero.table                         0x0    0x803c880
.stack                           0x1000   0x20000000
.data                             0x6d8   0x20001000
.bss                             0xaddc   0x200016d8
.heap                            0x3b48   0x2000c4b8
.internal_storage               0x2c000    0x803c880
.zwave_nvm                       0x6000    0x8068880
.nvm                             0x8000    0x806e880
.ARM.attributes                    0x36          0x0
.comment                           0x49          0x0
.debug_frame                     0xa35c          0x0
.debug_info                    0xb4fd9a          0x0
.debug_abbrev                   0x1765d          0x0
.debug_loc                      0x439e7          0x0
.debug_aranges                   0x39d0          0x0
.debug_ranges                    0x71e8          0x0
.debug_line                     0x43719          0x0
.debug_str                      0x7a949          0x0
Total                          0xcfe64f

The calculated FLASH and SRAM usage summary:
============================================
FLASH used as program memory:  (Including only the sections: .text, .ARM.exidx, .data, _cc_handlers_v3)
   225112
FLASH used for storage: (Including only the sections: .zwavenvm, .simee, .nvm, .zwave_nvm)
   57344
SRAM usage:             (Including only the sections: .data, .bss, .heap (limited to 2048 per sl_memory_config.h), .stack_dummy, .reset_info)
   52404

