
==========================================================
The output of the size tool: (e.g. arm-none-ambi-size.exe)
==========================================================

zwave_soc_led_bulb.out  :
section                            size         addr
.text                           0x2e4d4          0x0
_cc_handlers_v3                   0x21c      0x2e4d4
_zw_protocol_cmd_handlers          0x70      0x2e6f0
_zw_protocol_cmd_handlers_lr       0x30      0x2e760
.ARM.exidx                          0x8      0x2e790
.copy.table                         0xc      0x2e798
.zero.table                         0x0      0x2e7a4
.stack                           0x1000   0x20000000
.data                             0x5c4   0x20001000
.bss                             0x9e30   0x200015c4
.heap                            0x4c08   0x2000b3f8
.internal_storage               0x3a000      0x2e7a4
.zwave_nvm                       0x3000      0x687a4
.nvm                             0x9000      0x6b7a4
.ARM.attributes                    0x2e          0x0
.comment                           0x49          0x0
.debug_frame                     0x7218          0x0
.debug_info                    0x9d7425          0x0
.debug_abbrev                   0x11a40          0x0
.debug_loc                      0x28d6e          0x0
.debug_aranges                   0x2b18          0x0
.debug_ranges                    0x54a0          0x0
.debug_line                     0x2edea          0x0
.debug_str                      0x6db37          0x0
Total                          0xb41edb

The calculated FLASH and SRAM usage summary:
============================================
FLASH used as program memory:  (Including only the sections: .text, .ARM.exidx, .data, _cc_handlers_v3)
   191848
FLASH used for storage: (Including only the sections: .zwavenvm, .simee, .nvm, .zwave_nvm)
   49152
SRAM usage:             (Including only the sections: .data, .bss, .heap (limited to 2048 per sl_memory_config.h), .stack_dummy, .reset_info)
   48116

