
==========================================================
The output of the size tool: (e.g. arm-none-ambi-size.exe)
==========================================================

zwave_soc_sensor_pir.out  :
section                            size         addr
.text                           0x36264    0x8006000
_cc_handlers_v3                   0x21c    0x803c264
_zw_protocol_cmd_handlers          0x70    0x803c480
_zw_protocol_cmd_handlers_lr       0x30    0x803c4f0
.ARM.exidx                          0x8    0x803c520
.copy.table                         0xc    0x803c528
.zero.table                         0x0    0x803c534
.stack                           0x1000   0x20000000
.data                             0x594   0x20001000
.bss                             0xae08   0x20001594
.heap                            0x3c60   0x2000c3a0
.internal_storage               0x2c000    0x803c534
.zwave_nvm                       0x6000    0x8068534
.nvm                             0x8000    0x806e534
.ARM.attributes                    0x36          0x0
.comment                           0x49          0x0
.debug_frame                     0xa558          0x0
.debug_info                    0xa21de2          0x0
.debug_abbrev                   0x16ecc          0x0
.debug_aranges                   0x3978          0x0
.debug_ranges                    0x6fc8          0x0
.debug_line                     0x4425c          0x0
.debug_str                      0x7b71d          0x0
.debug_loc                      0x4625e          0x0
Total                          0xbd3ccc

The calculated FLASH and SRAM usage summary:
============================================
FLASH used as program memory:  (Including only the sections: .text, .ARM.exidx, .data, _cc_handlers_v3)
   223944
FLASH used for storage: (Including only the sections: .zwavenvm, .simee, .nvm, .zwave_nvm)
   57344
SRAM usage:             (Including only the sections: .data, .bss, .heap (limited to 2048 per sl_memory_config.h), .stack_dummy, .reset_info)
   52124

