
==========================================================
The output of the size tool: (e.g. arm-none-ambi-size.exe)
==========================================================

zwave_soc_door_lock_keypad.out  :
section                            size         addr
.text                           0x2e638          0x0
_cc_handlers_v3                   0x240      0x2e638
_zw_protocol_cmd_handlers          0x70      0x2e878
_zw_protocol_cmd_handlers_lr       0x30      0x2e8e8
.ARM.exidx                          0x8      0x2e918
.copy.table                         0xc      0x2e920
.zero.table                         0x0      0x2e92c
.stack                           0x1000   0x20000000
.data                             0x3fc   0x20001000
.bss                             0x9ec8   0x200013fc
.heap                            0x4d38   0x2000b2c8
.internal_storage               0x3a000      0x2e92c
.zwave_nvm                       0x3000      0x6892c
.nvm                             0x9000      0x6b92c
.ARM.attributes                    0x2e          0x0
.comment                           0x49          0x0
.debug_frame                     0x6ecc          0x0
.debug_info                    0xa3b5aa          0x0
.debug_abbrev                   0x10f0f          0x0
.debug_loc                      0x2771c          0x0
.debug_aranges                   0x29b0          0x0
.debug_ranges                    0x5048          0x0
.debug_line                     0x2d3a1          0x0
.debug_str                      0x6fa9e          0x0
Total                          0xba3c77

The calculated FLASH and SRAM usage summary:
============================================
FLASH used as program memory:  (Including only the sections: .text, .ARM.exidx, .data, _cc_handlers_v3)
   191784
FLASH used for storage: (Including only the sections: .zwavenvm, .simee, .nvm, .zwave_nvm)
   49152
SRAM usage:             (Including only the sections: .data, .bss, .heap (limited to 2048 per sl_memory_config.h), .stack_dummy, .reset_info)
   47812

