
==========================================================
The output of the size tool: (e.g. arm-none-ambi-size.exe)
==========================================================

zwave_ncp_serial_api_controller.out  :
section                            size         addr
.text                           0x2d4ec          0x0
_cmd_handlers                     0x2e0      0x2d4ec
_zw_protocol_cmd_handlers          0xe8      0x2d7cc
_zw_protocol_cmd_handlers_lr       0x48      0x2d8b4
.ARM.exidx                          0x8      0x2d8fc
.copy.table                         0xc      0x2d904
.zero.table                         0x0      0x2d910
.stack                            0x600   0x20000000
.data                             0x360   0x20000600
.bss                             0x74e0   0x20000960
.heap                             0x1c0   0x20007e40
.zwave_nvm                       0x3000      0x2d910
.nvm                             0x9000      0x30910
.ARM.attributes                    0x2e          0x0
.comment                           0x49          0x0
.debug_frame                     0x5e40          0x0
.debug_info                     0xaa081          0x0
.debug_abbrev                    0xae57          0x0
.debug_loc                      0x1e532          0x0
.debug_aranges                   0x20d8          0x0
.debug_ranges                    0x3e90          0x0
.debug_line                     0x21ac2          0x0
.debug_str                      0x69dec          0x0
Total                          0x1ac3e7

The calculated FLASH and SRAM usage summary:
============================================
FLASH used as program memory:  (Including only the sections: .text, .ARM.exidx, .data, _cc_handlers_v3)
   187504
FLASH used for storage: (Including only the sections: .zwavenvm, .simee, .nvm, .zwave_nvm)
   49152
SRAM usage:             (Including only the sections: .data, .bss, .heap (limited to 2048 per sl_memory_config.h), .stack_dummy, .reset_info)
   34368

